// Jest Snapshot v1, https://goo.gl/fbAQLP

exports[`withActivePlayer rendered correctly 1`] = `null`;
